[2026-05-12T16:47:18.182] [DEBUG] debug-file - env: nodejsVersion=v18.20.1
[2026-05-12T16:47:18.663] [DEBUG] debug-file - Hvigor init with startParameters:{
  hvigorfileTypeCheck: false,
  parallelExecution: true,
  incrementalExecution: true,
  printStackTrace: false,
  daemon: false,
  analyze: 0,
  logLevel: Level { level: 20000, levelStr: 'INFO', colour: 'green' },
  optimizationStrategy: 'memory',
  hotCompile: undefined,
  hotReloadBuild: undefined,
  customizedParam: undefined
}
[2026-05-12T16:47:20.602] [DEBUG] debug-file - Starting plugin build process
[2026-05-12T16:47:20.599] [DEBUG] debug-file - hvigorfile, require result:  { default: { system: [Function: appTasks], plugins: [] } }
[2026-05-12T16:47:20.832] [DEBUG] debug-file - App plugin register hook start...
[2026-05-12T16:47:20.835] [DEBUG] debug-file - Start initialize project's product build option map with build mode debug.
[2026-05-12T16:47:20.839] [DEBUG] debug-file - Obtain build option for product 'default'in this build.
[2026-05-12T16:47:20.859] [DEBUG] debug-file - Start recording SDK configuration permission data.
[2026-05-12T16:47:20.915] [DEBUG] debug-file - Project task initialization takes 7 ms 
[2026-05-12T16:47:20.940] [DEBUG] debug-file - Start initialize module-target build option map, moduleName=entry, buildMode=debug
[2026-05-12T16:47:20.924] [DEBUG] debug-file - failed to load cangjie to dynamically generate schemas: Error: Cannot find module '@ohos/cangjie-build-support/index'
Require stack:
- C:\Program Files\Huawei\DevEco Studio\tools\hvigor\hvigor-ohos-plugin\src\plugin\hooks\cangjie-register.js
- C:\Program Files\Huawei\DevEco Studio\tools\hvigor\hvigor-ohos-plugin\src\plugin\strategy\stage-init-strategy.js
- C:\Program Files\Huawei\DevEco Studio\tools\hvigor\hvigor-ohos-plugin\src\plugin\builder\abstract-plugin-builder.js
- C:\Program Files\Huawei\DevEco Studio\tools\hvigor\hvigor-ohos-plugin\src\plugin\builder\app-plugin-builder.js
- C:\Program Files\Huawei\DevEco Studio\tools\hvigor\hvigor-ohos-plugin\src\plugin\factory\plugin-factory.js
- C:\Program Files\Huawei\DevEco Studio\tools\hvigor\hvigor-ohos-plugin\index.js
- C:\Users\xiadie\DevEcoStudioProjects\video-show2\hvigorfile.ts
- C:\Program Files\Huawei\DevEco Studio\tools\hvigor\hvigor\src\base\internal\lifecycle\configuration.js
- C:\Program Files\Huawei\DevEco Studio\tools\hvigor\hvigor\src\base\boot\index.js
- C:\Program Files\Huawei\DevEco Studio\tools\hvigor\hvigor\src\cli\main\cli.js
- C:\Program Files\Huawei\DevEco Studio\tools\hvigor\hvigor\bin\hvigor.js
[2026-05-12T16:47:20.954] [DEBUG] debug-file - start to load updatedOhPackageInfo to the disk
[2026-05-12T16:47:20.952] [DEBUG] debug-file - project has submodules:entry
[2026-05-12T16:47:21.249] [DEBUG] debug-file - entry : clean cost memory 0.11224365234375
[2026-05-12T16:47:18.184] [DEBUG] debug-file - env: hvigor-config.json5 content = {
  modelVersion: '6.0.2',
  dependencies: {},
  execution: {},
  logging: {},
  debugging: {},
  nodeOptions: {}
}
[2026-05-12T16:47:21.239] [DEBUG] debug-file - Start to initialize dependency information.
[2026-05-12T16:47:21.291] [DEBUG] debug-file - Create  resident worker with id: 0.
[2026-05-12T16:47:18.664] [DEBUG] debug-file - Since current hvigor version 6.22.4 differs from last hvigor version 
      undefined, delete file-cache.json and task-cache.json.
[2026-05-12T16:47:20.602] [DEBUG] debug-file - App plugin prepare start...
[2026-05-12T16:47:20.600] [DEBUG] debug-file - hvigorfile, binding system plugins [Function: appTasks]
[2026-05-12T16:47:20.841] [DEBUG] debug-file - not found resModel json file in : C:\Users\xiadie\DevEcoStudioProjects\video-show2\entry\src\ohosTest\module.json5
[2026-05-12T16:47:20.835] [DEBUG] debug-file - Picking option from product 'default' with build mode 'debug'.
[2026-05-12T16:47:20.832] [DEBUG] debug-file - App plugin register hook end...
[2026-05-12T16:47:20.905] [DEBUG] debug-file - Sdk init in 57 ms 
[2026-05-12T16:47:20.915] [DEBUG] debug-file - hvigorfile, binding custom plugins []
[2026-05-12T16:47:20.941] [DEBUG] debug-file - Target 'default' config initialized
[2026-05-12T16:47:21.234] [DEBUG] debug-file - load to the disk finished
[2026-05-12T16:47:21.249] [DEBUG] debug-file - runTaskFromQueue task cost before running: 2 s 594 ms 
[2026-05-12T16:47:18.187] [DEBUG] debug-file - env: daemon=false
[2026-05-12T16:47:21.241] [DEBUG] debug-file - Module entry Collected Dependency: 
[2026-05-12T16:47:21.294] [DEBUG] debug-file - Create  resident worker with id: 1.
[2026-05-12T16:47:18.664] [DEBUG] debug-file - Cache service initialization finished in 1 ms 
[2026-05-12T16:47:20.602] [DEBUG] debug-file - App plugin prepare end...
[2026-05-12T16:47:20.848] [DEBUG] debug-file - No signingConfig found, initRemoteHspCache failed.
[2026-05-12T16:47:20.835] [DEBUG] debug-file - Product 'default' build option initialized
[2026-05-12T16:47:20.832] [DEBUG] debug-file - Plugin build process completed
[2026-05-12T16:47:20.915] [DEBUG] debug-file - hvigorfile, no custom plugins were found in C:\Users\xiadie\DevEcoStudioProjects\video-show2\hvigorfile.ts
[2026-05-12T16:47:20.941] [DEBUG] debug-file - Target 'ohosTest' config initialized
[2026-05-12T16:47:21.235] [DEBUG] debug-file - Start to initialize dependency information.
[2026-05-12T16:47:21.251] [INFO] debug-file - Finished :entry:clean... after 3 ms 
[2026-05-12T16:47:18.187] [DEBUG] debug-file - no-daemon, use the parent process.execArgv --max-old-space-size=8192,--max-semi-space-size=16,--expose-gc
[2026-05-12T16:47:21.241] [DEBUG] debug-file - Module entry's total dependency: 0
[2026-05-12T16:47:21.297] [DEBUG] debug-file - Current worker pool is stopped or closed.
[2026-05-12T16:47:18.666] [DEBUG] debug-file - hvigorfile, resolving C:\Users\xiadie\DevEcoStudioProjects\video-show2\hvigorfile.ts
[2026-05-12T16:47:20.602] [DEBUG] debug-file - App plugin creating...
[2026-05-12T16:47:20.851] [DEBUG] debug-file - Local scan or download HarmonyOS sdk components toolchains,ets,js,native,previewer
[2026-05-12T16:47:20.835] [DEBUG] debug-file - End initialize project's product build option map with build mode 'debug'.
[2026-05-12T16:47:20.915] [DEBUG] debug-file - hvigorfile, resolve finished C:\Users\xiadie\DevEcoStudioProjects\video-show2\hvigorfile.ts
[2026-05-12T16:47:20.941] [DEBUG] debug-file - Module 'entry' target 'default' build option initialized
[2026-05-12T16:47:21.237] [DEBUG] debug-file - Module video-show2 Collected Dependency: 
[2026-05-12T16:47:21.251] [DEBUG] debug-file - Executing task ::clean
[2026-05-12T16:47:21.244] [DEBUG] debug-file - Configuration phase cost:2 s 580 ms 
[2026-05-12T16:47:21.297] [DEBUG] debug-file - Clear worker 0.
[2026-05-12T16:47:20.854] [DEBUG] debug-file - Local scan or download hmscore sdk components toolchains,ets,native
[2026-05-12T16:47:20.916] [DEBUG] debug-file - hvigorfile, resolving C:\Users\xiadie\DevEcoStudioProjects\video-show2\entry\hvigorfile.ts
[2026-05-12T16:47:21.237] [DEBUG] debug-file - Module video-show2's total dependency: 0
[2026-05-12T16:47:21.251] [DEBUG] debug-file - clean: Worker pool is inactive.
[2026-05-12T16:47:20.941] [DEBUG] debug-file - Module 'entry' target 'ohosTest' build option initialized
[2026-05-12T16:47:21.246] [DEBUG] debug-file - Configuration task cost before running: 2 s 591 ms 
[2026-05-12T16:47:21.297] [DEBUG] debug-file - Worker 0 has been cleared.
[2026-05-12T16:47:20.922] [DEBUG] debug-file - hvigorfile, require result:  { default: { system: [Function: hapTasks], plugins: [] } }
[2026-05-12T16:47:21.251] [DEBUG] debug-file - video-show2 : clean cost memory 0.02022552490234375
[2026-05-12T16:47:20.941] [DEBUG] debug-file - End initialize module-target build option map, moduleName=entry
[2026-05-12T16:47:21.247] [DEBUG] debug-file - Executing task :entry:clean
[2026-05-12T16:47:20.922] [DEBUG] debug-file - hvigorfile, binding system plugins [Function: hapTasks]
[2026-05-12T16:47:21.297] [DEBUG] debug-file - Current idle worker size: 1.
[2026-05-12T16:47:21.251] [DEBUG] debug-file - runTaskFromQueue task cost before running: 2 s 596 ms 
[2026-05-12T16:47:20.941] [DEBUG] debug-file - Start initialize module-target build option map, moduleName=entry, buildMode=release
[2026-05-12T16:47:21.247] [DEBUG] debug-file - clean: Worker pool is inactive.
[2026-05-12T16:47:20.922] [DEBUG] debug-file - Starting plugin build process
[2026-05-12T16:47:21.297] [DEBUG] debug-file - Current busy worker size: 0.
[2026-05-12T16:47:21.252] [INFO] debug-file - Finished ::clean... after 1 ms 
[2026-05-12T16:47:20.942] [DEBUG] debug-file - Target 'default' config initialized
[2026-05-12T16:47:20.922] [DEBUG] debug-file - Hap plugin creating...
[2026-05-12T16:47:21.297] [DEBUG] debug-file - Clear worker 1.
[2026-05-12T16:47:21.252] [DEBUG] debug-file - Executing task :entry:init
[2026-05-12T16:47:20.942] [DEBUG] debug-file - Target 'ohosTest' config initialized
[2026-05-12T16:47:21.297] [DEBUG] debug-file - Worker 1 has been cleared.
[2026-05-12T16:47:21.252] [DEBUG] debug-file - entry : init cost memory 0.01263427734375
[2026-05-12T16:47:20.942] [DEBUG] debug-file - Module 'entry' target 'default' build option initialized
[2026-05-12T16:47:21.297] [DEBUG] debug-file - Current idle worker size: 0.
[2026-05-12T16:47:21.252] [DEBUG] debug-file - runTaskFromQueue task cost before running: 2 s 597 ms 
[2026-05-12T16:47:20.942] [DEBUG] debug-file - Module 'entry' target 'ohosTest' build option initialized
[2026-05-12T16:47:21.252] [INFO] debug-file - Finished :entry:init... after 1 ms 
[2026-05-12T16:47:20.942] [DEBUG] debug-file - End initialize module-target build option map, moduleName=entry
[2026-05-12T16:47:20.942] [DEBUG] debug-file - Start initialize module-target build option map, moduleName=entry, buildMode=debug
[2026-05-12T16:47:21.253] [DEBUG] debug-file - Executing task ::init
[2026-05-12T16:47:21.297] [DEBUG] debug-file - Current busy worker size: 0.
[2026-05-12T16:47:20.942] [DEBUG] debug-file - Target 'default' config initialized
[2026-05-12T16:47:21.298] [DEBUG] debug-file - hvigor build process will be closed.
[2026-05-12T16:47:21.253] [DEBUG] debug-file - video-show2 : init cost memory 0.01141357421875
[2026-05-12T16:47:20.942] [DEBUG] debug-file - Target 'ohosTest' config initialized
[2026-05-12T16:47:21.307] [DEBUG] debug-file - worker[0] exits with exit code 0.
[2026-05-12T16:47:21.253] [DEBUG] debug-file - runTaskFromQueue task cost before running: 2 s 597 ms 
[2026-05-12T16:47:20.943] [DEBUG] debug-file - Module 'entry' target 'default' build option initialized
[2026-05-12T16:47:21.307] [DEBUG] debug-file - worker[1] exits with exit code 0.
[2026-05-12T16:47:21.253] [INFO] debug-file - Finished ::init... after 1 ms 
[2026-05-12T16:47:20.943] [DEBUG] debug-file - Module 'entry' target 'ohosTest' build option initialized
[2026-05-12T16:47:21.315] [DEBUG] debug-file - Current worker pool is terminated.
[2026-05-12T16:47:21.280] [DEBUG] debug-file - Obtain build option for module 'entry' target 'default'in this build.
[2026-05-12T16:47:20.943] [DEBUG] debug-file - End initialize module-target build option map, moduleName=entry
[2026-05-12T16:47:21.281] [DEBUG] debug-file - Obtain build option for module 'entry' target 'ohosTest'in this build.
[2026-05-12T16:47:20.943] [DEBUG] debug-file - Obtain build option for module 'entry' target 'default'in this build.
[2026-05-12T16:47:21.288] [DEBUG] debug-file - Since there is no instance or instance is terminated, create a new worker pool.
[2026-05-12T16:47:20.950] [DEBUG] debug-file - Module entry task initialization takes 7 ms 
[2026-05-12T16:47:21.288] [DEBUG] debug-file - Worker pool is initialized with config:  {
  minPoolNum: 2,
  maxPoolNum: undefined,
  maxCoreSize: undefined,
  cacheCapacity: undefined,
  cacheTtl: undefined
}
[2026-05-12T16:47:20.951] [DEBUG] debug-file - Hap plugin register hook start...
[2026-05-12T16:47:20.951] [DEBUG] debug-file - Hap plugin register hook end...
[2026-05-12T16:47:20.951] [DEBUG] debug-file - Plugin build process completed
[2026-05-12T16:47:20.951] [DEBUG] debug-file - hvigorfile, binding custom plugins []
[2026-05-12T16:47:20.951] [DEBUG] debug-file - hvigorfile, no custom plugins were found in C:\Users\xiadie\DevEcoStudioProjects\video-show2\entry\hvigorfile.ts
[2026-05-12T16:47:20.951] [DEBUG] debug-file - hvigorfile, resolve finished C:\Users\xiadie\DevEcoStudioProjects\video-show2\entry\hvigorfile.ts
[2026-05-12T17:03:52.309] [DEBUG] debug-file - java daemon tryConnect failed Error: connect ECONNREFUSED 127.0.0.1:45050
[2026-05-12T17:03:52.370] [DEBUG] debug-file - java daemon started at port 45050 pid 289056
[2026-05-12T17:03:46.661] [DEBUG] debug-file - env: nodejsVersion=v18.20.1
[2026-05-12T17:03:46.915] [DEBUG] debug-file - env: daemon=true
[2026-05-12T17:03:46.662] [DEBUG] debug-file - env: hvigor-config.json5 content = {
  modelVersion: '6.0.2',
  dependencies: {},
  execution: {},
  logging: {},
  debugging: {},
  nodeOptions: {}
}
[2026-05-12T17:03:56.020] [DEBUG] debug-file - session manager: set active socket. socketId=_1NafrUyu7-FHkO3AAAB
[2026-05-12T17:03:56.084] [DEBUG] debug-file - watch worker: worker id should be larger than 0. Nothing will be sent to any worker thread.
[2026-05-12T17:03:56.098] [DEBUG] debug-file - Since there is no instance or instance is terminated, create a new worker pool.
[2026-05-12T17:03:56.100] [DEBUG] debug-file - Worker pool is initialized with config:  {
  minPoolNum: 2,
  maxPoolNum: undefined,
  maxCoreSize: undefined,
  cacheCapacity: undefined,
  cacheTtl: undefined
}
[2026-05-12T17:03:56.103] [DEBUG] debug-file - Create  resident worker with id: 0.
[2026-05-12T17:03:56.108] [DEBUG] debug-file - Create  resident worker with id: 1.
[2026-05-12T17:03:56.113] [DEBUG] debug-file - Workers' log level updated to INFO
[2026-05-12T17:03:56.131] [DEBUG] debug-file - Hvigor init with startParameters:{
  hvigorfileTypeCheck: false,
  parallelExecution: true,
  incrementalExecution: true,
  printStackTrace: false,
  daemon: true,
  analyze: 0,
  logLevel: Level { level: 20000, levelStr: 'INFO', colour: 'green' },
  optimizationStrategy: 'memory',
  hotCompile: undefined,
  hotReloadBuild: undefined,
  customizedParam: undefined
}
[2026-05-12T17:03:56.259] [DEBUG] debug-file - Cache service initialization finished in 128 ms 
[2026-05-12T17:03:56.264] [DEBUG] debug-file - hvigorfile, resolving C:\Users\xiadie\DevEcoStudioProjects\video-show2\hvigorfile.ts
[2026-05-12T17:04:47.684] [DEBUG] debug-file - hvigorfile, require result:  { default: { plugins: [] } }
[2026-05-12T17:04:47.685] [DEBUG] debug-file - hvigorfile, binding system plugins null
[2026-05-12T17:04:47.686] [DEBUG] debug-file - Starting plugin build process
[2026-05-12T17:04:47.687] [DEBUG] debug-file - App plugin prepare start...
[2026-05-12T17:04:47.687] [DEBUG] debug-file - App plugin prepare end...
[2026-05-12T17:04:47.687] [DEBUG] debug-file - App plugin creating...
[2026-05-12T17:04:48.193] [DEBUG] debug-file - App plugin register hook start...
[2026-05-12T17:04:48.195] [DEBUG] debug-file - App plugin register hook end...
[2026-05-12T17:04:48.195] [DEBUG] debug-file - Plugin build process completed
[2026-05-12T17:04:48.198] [DEBUG] debug-file - Start initialize project's product build option map with build mode debug.
[2026-05-12T17:04:48.199] [DEBUG] debug-file - Picking option from product 'default' with build mode 'debug'.
[2026-05-12T17:04:48.200] [DEBUG] debug-file - Product 'default' build option initialized
[2026-05-12T17:04:48.200] [DEBUG] debug-file - End initialize project's product build option map with build mode 'debug'.
[2026-05-12T17:04:48.205] [DEBUG] debug-file - Obtain build option for product 'default'in this build.
[2026-05-12T17:04:48.333] [DEBUG] debug-file - not found resModel json file in : C:\Users\xiadie\DevEcoStudioProjects\video-show2\entry\src\ohosTest\module.json5
[2026-05-12T17:04:48.353] [DEBUG] debug-file - No signingConfig found, initRemoteHspCache failed.
[2026-05-12T17:04:48.373] [DEBUG] debug-file - Local scan or download HarmonyOS sdk components toolchains,ets,js,native,previewer
[2026-05-12T17:04:48.381] [DEBUG] debug-file - Local scan or download hmscore sdk components toolchains,ets,native
[2026-05-12T17:04:48.385] [DEBUG] debug-file - Start recording SDK configuration permission data.
[2026-05-12T17:04:48.473] [DEBUG] debug-file - Sdk init in 103 ms 
[2026-05-12T17:04:48.489] [DEBUG] debug-file - Project task initialization takes 13 ms 
[2026-05-12T17:04:48.490] [DEBUG] debug-file - hvigorfile, binding custom plugins []
[2026-05-12T17:04:48.490] [DEBUG] debug-file - hvigorfile, no custom plugins were found in C:\Users\xiadie\DevEcoStudioProjects\video-show2\hvigorfile.ts
[2026-05-12T17:04:48.490] [DEBUG] debug-file - hvigorfile, resolve finished C:\Users\xiadie\DevEcoStudioProjects\video-show2\hvigorfile.ts
[2026-05-12T17:04:48.492] [DEBUG] debug-file - hvigorfile, resolving C:\Users\xiadie\DevEcoStudioProjects\video-show2\entry\hvigorfile.ts
[2026-05-12T17:04:48.510] [DEBUG] debug-file - hvigorfile, require result:  { default: { plugins: [] } }
[2026-05-12T17:04:48.510] [DEBUG] debug-file - hvigorfile, binding system plugins null
[2026-05-12T17:04:48.510] [DEBUG] debug-file - Starting plugin build process
[2026-05-12T17:04:48.511] [DEBUG] debug-file - Hap plugin creating...
[2026-05-12T17:04:48.513] [DEBUG] debug-file - failed to load cangjie to dynamically generate schemas: Error: Cannot find module '@ohos/cangjie-build-support/index'
Require stack:
- C:\Program Files\Huawei\DevEco Studio\tools\hvigor\hvigor-ohos-plugin\src\plugin\hooks\cangjie-register.js
- C:\Program Files\Huawei\DevEco Studio\tools\hvigor\hvigor-ohos-plugin\src\plugin\strategy\stage-init-strategy.js
- C:\Program Files\Huawei\DevEco Studio\tools\hvigor\hvigor-ohos-plugin\src\plugin\builder\abstract-plugin-builder.js
- C:\Program Files\Huawei\DevEco Studio\tools\hvigor\hvigor-ohos-plugin\src\plugin\builder\app-plugin-builder.js
- C:\Program Files\Huawei\DevEco Studio\tools\hvigor\hvigor-ohos-plugin\src\plugin\factory\plugin-factory.js
- C:\Program Files\Huawei\DevEco Studio\tools\hvigor\hvigor-ohos-plugin\index.js
- C:\Users\xiadie\DevEcoStudioProjects\video-show2\hvigorfile.ts
- C:\Program Files\Huawei\DevEco Studio\tools\hvigor\hvigor\src\base\internal\lifecycle\configuration.js
- C:\Program Files\Huawei\DevEco Studio\tools\hvigor\hvigor\src\base\boot\index.js
- C:\Program Files\Huawei\DevEco Studio\tools\hvigor\hvigor\src\base\daemon\cluster\worker-process-lifecycle.js
- C:\Program Files\Huawei\DevEco Studio\tools\hvigor\hvigor\src\base\daemon\process\daemon-process-boot-script.js
[2026-05-12T17:04:48.549] [DEBUG] debug-file - Start initialize module-target build option map, moduleName=entry, buildMode=debug
[2026-05-12T17:04:48.550] [DEBUG] debug-file - Target 'default' config initialized
[2026-05-12T17:04:48.553] [DEBUG] debug-file - Target 'ohosTest' config initialized
[2026-05-12T17:04:48.553] [DEBUG] debug-file - Module 'entry' target 'default' build option initialized
[2026-05-12T17:04:48.554] [DEBUG] debug-file - Module 'entry' target 'ohosTest' build option initialized
[2026-05-12T17:04:48.554] [DEBUG] debug-file - End initialize module-target build option map, moduleName=entry
[2026-05-12T17:04:48.554] [DEBUG] debug-file - Start initialize module-target build option map, moduleName=entry, buildMode=release
[2026-05-12T17:04:48.554] [DEBUG] debug-file - Target 'default' config initialized
[2026-05-12T17:04:48.555] [DEBUG] debug-file - Target 'ohosTest' config initialized
[2026-05-12T17:04:48.555] [DEBUG] debug-file - Module 'entry' target 'default' build option initialized
[2026-05-12T17:04:48.556] [DEBUG] debug-file - Module 'entry' target 'ohosTest' build option initialized
[2026-05-12T17:04:48.556] [DEBUG] debug-file - End initialize module-target build option map, moduleName=entry
[2026-05-12T17:04:48.556] [DEBUG] debug-file - Start initialize module-target build option map, moduleName=entry, buildMode=debug
[2026-05-12T17:04:48.557] [DEBUG] debug-file - Target 'default' config initialized
[2026-05-12T17:04:48.557] [DEBUG] debug-file - Target 'ohosTest' config initialized
[2026-05-12T17:04:48.558] [DEBUG] debug-file - Module 'entry' target 'default' build option initialized
[2026-05-12T17:04:48.558] [DEBUG] debug-file - Module 'entry' target 'ohosTest' build option initialized
[2026-05-12T17:04:48.558] [DEBUG] debug-file - End initialize module-target build option map, moduleName=entry
[2026-05-12T17:04:48.559] [DEBUG] debug-file - Obtain build option for module 'entry' target 'default'in this build.
[2026-05-12T17:04:48.573] [DEBUG] debug-file - Module entry task initialization takes 12 ms 
[2026-05-12T17:04:48.573] [DEBUG] debug-file - Hap plugin register hook start...
[2026-05-12T17:04:48.573] [DEBUG] debug-file - Hap plugin register hook end...
[2026-05-12T17:04:48.573] [DEBUG] debug-file - Plugin build process completed
[2026-05-12T17:04:48.573] [DEBUG] debug-file - hvigorfile, binding custom plugins []
[2026-05-12T17:04:48.574] [DEBUG] debug-file - hvigorfile, no custom plugins were found in C:\Users\xiadie\DevEcoStudioProjects\video-show2\entry\hvigorfile.ts
[2026-05-12T17:04:48.574] [DEBUG] debug-file - hvigorfile, resolve finished C:\Users\xiadie\DevEcoStudioProjects\video-show2\entry\hvigorfile.ts
[2026-05-12T17:04:48.735] [DEBUG] debug-file - hvigorfile, resolve hvigorfile dependencies in 160 ms 
[2026-05-12T17:04:48.735] [DEBUG] debug-file - project has submodules:entry
[2026-05-12T17:04:48.739] [DEBUG] debug-file - start to load updatedOhPackageInfo to the disk
[2026-05-12T17:04:48.769] [DEBUG] debug-file - load to the disk finished
[2026-05-12T17:04:48.772] [DEBUG] debug-file - Start to initialize dependency information.
[2026-05-12T17:04:48.777] [DEBUG] debug-file - Module video-show2 Collected Dependency: 
[2026-05-12T17:04:48.777] [DEBUG] debug-file - Module video-show2's total dependency: 0
[2026-05-12T17:04:48.780] [DEBUG] debug-file - Start to initialize dependency information.
[2026-05-12T17:04:48.785] [DEBUG] debug-file - Module entry Collected Dependency: 
[2026-05-12T17:04:48.785] [DEBUG] debug-file - Module entry's total dependency: 0
[2026-05-12T17:04:48.795] [DEBUG] debug-file - Configuration phase cost:52 s 535 ms 
[2026-05-12T17:04:48.801] [DEBUG] debug-file - Configuration task cost before running: 52 s 687 ms 
[2026-05-12T17:04:48.817] [DEBUG] debug-file - Executing task :entry:default@PreBuild
[2026-05-12T17:04:48.821] [DEBUG] debug-file - Task 'entry:default@PreBuild' cost while wrapping incremental declarations: 1 ms 
[2026-05-12T17:04:49.246] [DEBUG] debug-file - current product is not Atomic service.
[2026-05-12T17:04:49.263] [DEBUG] debug-file - Use tool [win32: JAVA_HOME, CLASSPATH]
 [
  { JAVA_HOME: 'C:\\Program Files\\Huawei\\DevEco Studio\\jbr' },
  { CLASSPATH: undefined }
]
[2026-05-12T17:04:49.264] [DEBUG] debug-file - Use tool [win32: NODE_HOME]
 [
  {
    NODE_HOME: 'C:\\Program Files\\Huawei\\DevEco Studio\\tools\\node'
  }
]
[2026-05-12T17:04:49.266] [DEBUG] debug-file - entry : default@PreBuild cost memory 12.895942687988281
[2026-05-12T17:04:49.266] [DEBUG] debug-file - runTaskFromQueue task cost before running: 53 s 152 ms 
[2026-05-12T17:04:49.269] [INFO] debug-file - Finished :entry:default@PreBuild... after 449 ms 
[2026-05-12T17:04:49.272] [DEBUG] debug-file - Executing task :entry:default@CreateModuleInfo
[2026-05-12T17:04:49.273] [DEBUG] debug-file - Task 'entry:default@CreateModuleInfo' cost while wrapping incremental declarations: 1 ms 
[2026-05-12T17:04:49.274] [DEBUG] debug-file - entry : default@CreateModuleInfo cost memory 0.20122528076171875
[2026-05-12T17:04:49.274] [DEBUG] debug-file - runTaskFromQueue task cost before running: 53 s 159 ms 
[2026-05-12T17:04:49.275] [INFO] debug-file - Finished :entry:default@CreateModuleInfo... after 3 ms 
[2026-05-12T17:04:49.277] [DEBUG] debug-file - Executing task :entry:default@GenerateMetadata
[2026-05-12T17:04:49.279] [DEBUG] debug-file - Task 'entry:default@GenerateMetadata' cost while wrapping incremental declarations: 2 ms 
[2026-05-12T17:04:49.285] [DEBUG] debug-file - entry : default@GenerateMetadata cost memory 0.0687408447265625
[2026-05-12T17:04:49.286] [DEBUG] debug-file - runTaskFromQueue task cost before running: 53 s 171 ms 
[2026-05-12T17:04:49.286] [INFO] debug-file - Finished :entry:default@GenerateMetadata... after 9 ms 
[2026-05-12T17:04:49.288] [DEBUG] debug-file - Executing task :entry:default@ConfigureCmake
[2026-05-12T17:04:49.288] [DEBUG] debug-file - entry : default@ConfigureCmake cost memory 0.01448822021484375
[2026-05-12T17:04:49.288] [DEBUG] debug-file - runTaskFromQueue task cost before running: 53 s 174 ms 
[2026-05-12T17:04:49.289] [INFO] debug-file - Finished :entry:default@ConfigureCmake... after 1 ms 
[2026-05-12T17:04:49.292] [DEBUG] debug-file - Executing task :entry:default@MergeProfile
[2026-05-12T17:04:49.292] [DEBUG] debug-file - Task 'entry:default@MergeProfile' cost while wrapping incremental declarations: 1 ms 
[2026-05-12T17:04:49.294] [DEBUG] debug-file - Change app api release type with 'Release'
[2026-05-12T17:04:49.295] [DEBUG] debug-file - Change app compile API version with '6.0.2.130'
[2026-05-12T17:04:49.295] [DEBUG] debug-file - Change app target API version with '60002022'
[2026-05-12T17:04:49.295] [DEBUG] debug-file - Change app minimum API version with '60002022'
[2026-05-12T17:04:49.296] [DEBUG] debug-file - Use cli appEnvironment
[2026-05-12T17:04:49.300] [DEBUG] debug-file - entry : default@MergeProfile cost memory 0.17906951904296875
[2026-05-12T17:04:49.301] [DEBUG] debug-file - runTaskFromQueue task cost before running: 53 s 186 ms 
[2026-05-12T17:04:49.301] [INFO] debug-file - Finished :entry:default@MergeProfile... after 9 ms 
[2026-05-12T17:04:49.303] [DEBUG] debug-file - Executing task :entry:default@CreateBuildProfile
[2026-05-12T17:04:49.304] [DEBUG] debug-file - Task 'entry:default@CreateBuildProfile' cost while wrapping incremental declarations: 1 ms 
[2026-05-12T17:04:49.308] [DEBUG] debug-file - entry : default@CreateBuildProfile cost memory 0.06818389892578125
[2026-05-12T17:04:49.308] [DEBUG] debug-file - runTaskFromQueue task cost before running: 53 s 194 ms 
[2026-05-12T17:04:49.308] [INFO] debug-file - Finished :entry:default@CreateBuildProfile... after 5 ms 
[2026-05-12T17:04:49.311] [DEBUG] debug-file - Executing task :entry:default@PreCheckSyscap
[2026-05-12T17:04:49.311] [DEBUG] debug-file - entry : default@PreCheckSyscap cost memory 0.014862060546875
[2026-05-12T17:04:49.312] [DEBUG] debug-file - runTaskFromQueue task cost before running: 53 s 197 ms 
[2026-05-12T17:04:49.312] [INFO] debug-file - Finished :entry:default@PreCheckSyscap... after 1 ms 
[2026-05-12T17:04:49.316] [DEBUG] debug-file - Executing task :entry:default@GeneratePkgContextInfo
[2026-05-12T17:04:49.328] [DEBUG] debug-file - Task 'entry:default@GeneratePkgContextInfo' cost while wrapping incremental declarations: 1 ms 
[2026-05-12T17:04:49.330] [DEBUG] debug-file - entry : default@GeneratePkgContextInfo cost memory 0.5658035278320312
[2026-05-12T17:04:49.330] [DEBUG] debug-file - runTaskFromQueue task cost before running: 53 s 216 ms 
[2026-05-12T17:04:49.331] [INFO] debug-file - Finished :entry:default@GeneratePkgContextInfo... after 15 ms 
[2026-05-12T17:04:49.337] [DEBUG] debug-file - Executing task :entry:default@ProcessIntegratedHsp
[2026-05-12T17:04:49.338] [DEBUG] debug-file - entry : default@ProcessIntegratedHsp cost memory 0.0305938720703125
[2026-05-12T17:04:49.338] [DEBUG] debug-file - runTaskFromQueue task cost before running: 53 s 224 ms 
[2026-05-12T17:04:49.339] [INFO] debug-file - Finished :entry:default@ProcessIntegratedHsp... after 2 ms 
[2026-05-12T17:04:49.341] [DEBUG] debug-file - Executing task :entry:default@BuildNativeWithCmake
[2026-05-12T17:04:49.342] [DEBUG] debug-file - entry : default@BuildNativeWithCmake cost memory 0.0148773193359375
[2026-05-12T17:04:49.342] [DEBUG] debug-file - runTaskFromQueue task cost before running: 53 s 228 ms 
[2026-05-12T17:04:49.343] [INFO] debug-file - Finished :entry:default@BuildNativeWithCmake... after 1 ms 
[2026-05-12T17:04:49.345] [DEBUG] debug-file - Executing task :entry:default@MakePackInfo
[2026-05-12T17:04:49.350] [DEBUG] debug-file - Module Pack Info:  {
  summary: {
    app: { bundleName: 'c***o', bundleType: 'app', version: [Object] },
    modules: [ [Object] ]
  },
  packages: [
    {
      deviceType: [Array],
      moduleType: 'entry',
      deliveryWithInstall: true,
      name: 'entry-default'
    }
  ]
}
[2026-05-12T17:04:49.354] [DEBUG] debug-file - entry : default@MakePackInfo cost memory 0.126220703125
[2026-05-12T17:04:49.354] [DEBUG] debug-file - runTaskFromQueue task cost before running: 53 s 240 ms 
[2026-05-12T17:04:49.355] [INFO] debug-file - Finished :entry:default@MakePackInfo... after 10 ms 
[2026-05-12T17:04:49.359] [DEBUG] debug-file - Executing task :entry:default@SyscapTransform
[2026-05-12T17:04:49.359] [DEBUG] debug-file - File: 'C:\Users\xiadie\DevEcoStudioProjects\video-show2\entry\src\main\syscap.json' from 'sysCapJsonPath' is not exists, just ignore.
[2026-05-12T17:04:49.361] [DEBUG] debug-file - Task 'entry:default@SyscapTransform' cost while wrapping incremental declarations: 3 ms 
[2026-05-12T17:04:49.363] [DEBUG] debug-file - entry : default@SyscapTransform cost memory 0.05843353271484375
[2026-05-12T17:04:49.363] [DEBUG] debug-file - runTaskFromQueue task cost before running: 53 s 249 ms 
[2026-05-12T17:04:49.363] [INFO] debug-file - Finished :entry:default@SyscapTransform... after 5 ms 
[2026-05-12T17:04:49.366] [DEBUG] debug-file - Executing task :entry:default@ProcessProfile
[2026-05-12T17:04:49.369] [DEBUG] debug-file - Task 'entry:default@ProcessProfile' cost while wrapping incremental declarations: 1 ms 
[2026-05-12T17:04:49.373] [DEBUG] debug-file - [
  'C:\\Program Files\\Huawei\\DevEco Studio\\tools\\node\\node.exe',
  'C:\\Program Files\\Huawei\\DevEco Studio\\sdk\\default\\openharmony\\ets\\build-tools\\ets-loader\\bin\\ark\\ts2abc.js',
  '--target-api-version',
  '22'
]
[2026-05-12T17:04:49.588] [DEBUG] debug-file - 13.0.1.0
[2026-05-12T17:04:49.593] [DEBUG] debug-file - No need to add fake ui ability because of not in preview process.
[2026-05-12T17:04:49.596] [DEBUG] debug-file - entry : default@ProcessProfile cost memory 1.9885101318359375
[2026-05-12T17:04:49.597] [DEBUG] debug-file - runTaskFromQueue task cost before running: 53 s 482 ms 
[2026-05-12T17:04:49.597] [INFO] debug-file - Finished :entry:default@ProcessProfile... after 231 ms 
[2026-05-12T17:04:49.600] [DEBUG] debug-file - Executing task :entry:default@ProcessRouterMap
[2026-05-12T17:04:49.610] [DEBUG] debug-file - entry : default@ProcessRouterMap cost memory 0.10292816162109375
[2026-05-12T17:04:49.610] [DEBUG] debug-file - runTaskFromQueue task cost before running: 53 s 496 ms 
[2026-05-12T17:04:49.611] [INFO] debug-file - Finished :entry:default@ProcessRouterMap... after 10 ms 
[2026-05-12T17:04:49.613] [DEBUG] debug-file - Executing task :entry:default@ProcessShareConfig
[2026-05-12T17:04:49.619] [DEBUG] debug-file - entry : default@ProcessShareConfig cost memory 0.0834197998046875
[2026-05-12T17:04:49.619] [DEBUG] debug-file - runTaskFromQueue task cost before running: 53 s 505 ms 
[2026-05-12T17:04:49.620] [INFO] debug-file - Finished :entry:default@ProcessShareConfig... after 7 ms 
[2026-05-12T17:04:49.622] [DEBUG] debug-file - Executing task :entry:default@ProcessStartupConfig
[2026-05-12T17:04:49.622] [DEBUG] debug-file - Task 'entry:default@ProcessStartupConfig' cost while wrapping incremental declarations: 1 ms 
[2026-05-12T17:04:49.625] [DEBUG] debug-file - entry : default@ProcessStartupConfig cost memory 0.087005615234375
[2026-05-12T17:04:49.625] [DEBUG] debug-file - runTaskFromQueue task cost before running: 53 s 511 ms 
[2026-05-12T17:04:49.626] [INFO] debug-file - Finished :entry:default@ProcessStartupConfig... after 4 ms 
[2026-05-12T17:04:49.628] [DEBUG] debug-file - Executing task :entry:default@BuildNativeWithNinja
[2026-05-12T17:04:49.630] [DEBUG] debug-file - entry : default@BuildNativeWithNinja cost memory 0.0283355712890625
[2026-05-12T17:04:49.630] [DEBUG] debug-file - runTaskFromQueue task cost before running: 53 s 516 ms 
[2026-05-12T17:04:49.631] [INFO] debug-file - Finished :entry:default@BuildNativeWithNinja... after 2 ms 
[2026-05-12T17:04:49.633] [DEBUG] debug-file - restool module names: entry; moduleName=entry, taskName=default@ProcessResource
[2026-05-12T17:04:49.651] [DEBUG] debug-file - Executing task :entry:default@ProcessResource
[2026-05-12T17:04:49.652] [DEBUG] debug-file - Task 'entry:default@ProcessResource' cost while wrapping incremental declarations: 1 ms 
[2026-05-12T17:04:49.657] [DEBUG] debug-file - entry : default@ProcessResource cost memory 0.37252044677734375
[2026-05-12T17:04:49.659] [DEBUG] debug-file - runTaskFromQueue task cost before running: 53 s 544 ms 
[2026-05-12T17:04:49.663] [INFO] debug-file - Finished :entry:default@ProcessResource... after 23 ms 
[2026-05-12T17:04:49.668] [DEBUG] debug-file - Executing task :entry:default@GenerateLoaderJson
[2026-05-12T17:04:49.671] [DEBUG] debug-file - Task 'entry:default@GenerateLoaderJson' cost while wrapping incremental declarations: 1 ms 
[2026-05-12T17:04:49.692] [DEBUG] debug-file - entry : default@GenerateLoaderJson cost memory 0.5609283447265625
[2026-05-12T17:04:49.693] [DEBUG] debug-file - runTaskFromQueue task cost before running: 53 s 578 ms 
[2026-05-12T17:04:49.697] [INFO] debug-file - Finished :entry:default@GenerateLoaderJson... after 25 ms 
[2026-05-12T17:04:49.699] [DEBUG] debug-file - Executing task :entry:default@ProcessLibs
[2026-05-12T17:04:49.710] [DEBUG] debug-file - Worker dispatch failed, running processLibs on main thread.
[2026-05-12T17:04:49.712] [DEBUG] debug-file - entry : default@ProcessLibs cost memory 0.2860260009765625
[2026-05-12T17:04:49.713] [DEBUG] debug-file - runTaskFromQueue task cost before running: 53 s 598 ms 
[2026-05-12T17:04:49.714] [INFO] debug-file - Finished :entry:default@ProcessLibs... after 14 ms 
[2026-05-12T17:04:49.716] [DEBUG] debug-file - restool module names: entry; moduleName=entry, taskName=default@CompileResource
[2026-05-12T17:04:49.718] [DEBUG] debug-file - Executing task :entry:default@CompileResource
[2026-05-12T17:04:49.981] [DEBUG] debug-file - Use tool [C:\Program Files\Huawei\DevEco Studio\sdk\default\openharmony\toolchains\restool.exe]
 [
  'C:\\Program Files\\Huawei\\DevEco Studio\\sdk\\default\\openharmony\\toolchains\\restool.exe',
  '-l',
  'C:\\Users\\xiadie\\DevEcoStudioProjects\\video-show2\\entry\\build\\default\\intermediates\\res\\default\\resConfig.json'
]
[2026-05-12T17:04:49.986] [DEBUG] debug-file - current process  memoryUsage: {
  rss: 249729024,
  heapTotal: 165965824,
  heapUsed: 129740912,
  external: 3396316,
  arrayBuffers: 562636
} os memoryUsage :15.065696716308594
[2026-05-12T17:04:50.072] [DEBUG] debug-file - Info: Pack: normal pack mode

[2026-05-12T17:04:50.342] [DEBUG] debug-file - Info: hardware concurrency count is : 24
Info: thread count is : 24

[2026-05-12T17:04:50.343] [DEBUG] debug-file - Info: thread pool is started

[2026-05-12T17:04:50.362] [DEBUG] debug-file - Info: GenericCompiler::CompileFiles

[2026-05-12T17:04:50.402] [DEBUG] debug-file - Info: GenericCompiler::CompileFiles
Warning: 'C:\Users\xiadie\DevEcoStudioProjects\video-show2\entry\src\main\resources\base\media\background.png' is defined repeatedly.

[2026-05-12T17:04:50.403] [DEBUG] debug-file - Warning: 'C:\Users\xiadie\DevEcoStudioProjects\video-show2\entry\src\main\resources\base\media\layered_image.json' is defined repeatedly.
Warning: 'C:\Users\xiadie\DevEcoStudioProjects\video-show2\entry\src\main\resources\base\media\foreground.png' is defined repeatedly.

[2026-05-12T17:04:50.410] [DEBUG] debug-file - Info: GenericCompiler::CompileFiles

[2026-05-12T17:04:50.424] [DEBUG] debug-file - 05-12 17:04:50.424 285532 290568 E C01400/ImageTranscoderUtils: DecodeToRGBA IN
05-12 17:04:50.424 285532 290568 E C01400/ImageTranscoderUtils: ImageFilter IN C:\Users\xiadie\DevEcoStudioProjects\video-show2\AppScope\resources\base\media\background.png

[2026-05-12T17:04:50.484] [DEBUG] debug-file - 05-12 17:04:50.484 285532 290568 E C01400/ImageTranscoderUtils: DecodeToRGBA IN
05-12 17:04:50.484 285532 290568 E C01400/ImageTranscoderUtils: ImageFilter IN C:\Users\xiadie\DevEcoStudioProjects\video-show2\AppScope\resources\base\media\foreground.png

[2026-05-12T17:04:50.544] [DEBUG] debug-file - Info: can't scale media json file.

[2026-05-12T17:04:50.545] [DEBUG] debug-file - Warning: The width or height of the png file referenced by the icon exceeds the limit (41 pixels)
at C:\Users\xiadie\DevEcoStudioProjects\video-show2\AppScope\resources\base\media\background.png
Warning: The width or height of the png file referenced by the icon exceeds the limit (41 pixels)
at C:\Users\xiadie\DevEcoStudioProjects\video-show2\AppScope\resources\base\media\foreground.png
Warning: C:\Users\xiadie\DevEcoStudioProjects\video-show2\AppScope\resources\base\media\layered_image.json is not png format

[2026-05-12T17:04:50.583] [DEBUG] debug-file - Info: restool resources compile success.

[2026-05-12T17:04:50.585] [DEBUG] debug-file - Info: thread pool is stopped

[2026-05-12T17:04:50.656] [DEBUG] debug-file - entry : default@CompileResource cost memory -12.418815612792969
[2026-05-12T17:04:50.657] [DEBUG] debug-file - runTaskFromQueue task cost before running: 54 s 542 ms 
[2026-05-12T17:04:50.658] [INFO] debug-file - Finished :entry:default@CompileResource... after 939 ms 
[2026-05-12T17:04:50.660] [DEBUG] debug-file - Executing task :entry:default@DoNativeStrip
[2026-05-12T17:04:50.661] [DEBUG] debug-file - Task 'entry:default@DoNativeStrip' cost while wrapping incremental declarations: 1 ms 
[2026-05-12T17:04:50.667] [DEBUG] debug-file - entry : default@DoNativeStrip cost memory 0.075531005859375
[2026-05-12T17:04:50.667] [DEBUG] debug-file - runTaskFromQueue task cost before running: 54 s 553 ms 
[2026-05-12T17:04:50.668] [INFO] debug-file - Finished :entry:default@DoNativeStrip... after 7 ms 
[2026-05-12T17:04:50.671] [DEBUG] debug-file - Executing task :entry:default@CompileArkTS
[2026-05-12T17:04:50.673] [DEBUG] debug-file - obfuscationOptions: undefined
[2026-05-12T17:04:50.676] [DEBUG] debug-file - Task 'entry:default@CompileArkTS' cost while wrapping incremental declarations: 1 ms 
[2026-05-12T17:04:50.706] [DEBUG] debug-file - build config:
[2026-05-12T17:04:50.707] [DEBUG] debug-file - {
  moduleType: 'entry',
  perf: 0,
  targetName: '.default',
  packageManagerType: 'ohpm',
  localPropertiesPath: 'C:\\Users\\xiadie\\DevEcoStudioProjects\\video-show2\\local.properties',
  isPreview: false,
  isOhosTest: false,
  isLocalTest: false,
  buildMode: 'Debug',
  hotReloadBuild: undefined,
  watchMode: 'false',
  aceProfilePath: 'C:\\Users\\xiadie\\DevEcoStudioProjects\\video-show2\\entry\\build\\default\\intermediates\\res\\default\\resources\\base\\profile',
  etsLoaderPath: 'C:\\Program Files\\Huawei\\DevEco Studio\\sdk\\default\\openharmony\\ets\\build-tools\\ets-loader',
  modulePath: 'C:\\Users\\xiadie\\DevEcoStudioProjects\\video-show2\\entry',
  testFrameworkPar: {
    testMode: undefined,
    coveragePathFilter: undefined,
    coverageMode: undefined
  },
  needCoverageInsert: false,
  debugLine: false,
  projectTopDir: 'C:\\Users\\xiadie\\DevEcoStudioProjects\\video-show2',
  compileSdkVersion: 22,
  compatibleSdkVersion: 22,
  originCompatibleSdkVersion: '6.0.2(22)',
  compatibleSdkVersionStage: undefined,
  bundleName: 'c***o',
  etsLoaderVersion: '6.0.2.130',
  etsLoaderReleaseType: 'Release',
  aotCompileMode: 'type',
  apPath: 'C:\\Users\\xiadie\\DevEcoStudioProjects\\video-show2\\entry\\modules.ap',
  entryModuleName: 'entry',
  entryModuleVersion: '1.0.0',
  entryPackageName: 'entry',
  allModuleNameHash: '1051c80de9967ec7eb31bf69f7eb8a2add5f23a831561e92879c103ad46bba12',
  externalApiPaths: [
    'C:\\Program Files\\Huawei\\DevEco Studio\\sdk\\default\\hms\\ets'
  ],
  compilerTypes: [],
  isCrossplatform: false,
  hvigorPluginFile: undefined,
  compilePluginPath: undefined,
  buildGeneratedProfilePath: 'C:\\Users\\xiadie\\DevEcoStudioProjects\\video-show2\\entry\\build\\default\\generated\\profile\\default',
  bundleType: 'app',
  arkTSVersion: undefined,
  apiVersion: 22,
  needCompleteSourcesMap: false,
  isFaMode: false,
  buildDir: 'C:\\Users\\xiadie\\DevEcoStudioProjects\\video-show2\\entry\\build',
  deviceTypes: [ 'phone' ],
  pkgContextInfo: {
    entry: {
      packageName: 'entry',
      bundleName: '*****',
      moduleName: '',
      version: '',
      entryPath: 'src/main/',
      isSO: false,
      dependencyAlias: ''
    }
  },
  ohPackagePathMap: {},
  dependencyAliasMap: {},
  permission: { requestPermissions: [ [Object] ], definePermissions: undefined },
  useGetCurrentBundleName: false,
  projectArkOption: undefined,
  sourceMapDir: undefined,
  branchElimination: false,
  transformLib: undefined,
  tsImportSendable: false,
  resolveConflictMode: true,
  depName2RootPath: {},
  depName2DepInfo: {},
  rootPathSet: [ 'C:\\Users\\xiadie\\DevEcoStudioProjects\\video-show2' ],
  useNativeResolver: true,
  shouldEmitJs: true,
  useTscResolve: false,
  singleFileEmit: false,
  userProjectConfig: {
    autoLazyImport: false,
    allowEmptyBundleName: false,
    reExportCheckMode: 'noCheck',
    executionMode: 'memory',
    usePathPlaceholder: false,
    writeRollupCache: true,
    isExpandImportEnabled: false,
    expandImportExclude: '',
    lazyImportExclude: '',
    lazyImportInclude: '',
    ignoreCrossplatformCheck: false,
    isHarDeduplicateEnabled: false,
    skipOhModulesLint: false,
    enableStrictCheckOHModule: false,
    disableSendableCheckRules: [],
    useDeclarationFileSignature: false,
    customizedOptions: undefined,
    integratedHsp: false,
    isPreloadSoEnabled: false
  },
  executionMode: 'memory',
  arkCompileCachePath: 'C:\\Users\\xiadie\\DevEcoStudioProjects\\video-show2\\entry\\build\\default\\cache\\default\\default@CompileArkTS\\esmodule',
  autoLazyFilter: undefined,
  isHarDeduplicateEnabled: false,
  intermediateHarDuplicateDirPath: 'C:\\Users\\xiadie\\DevEcoStudioProjects\\video-show2\\entry\\build\\default\\intermediates\\har_duplicate\\default',
  autoLazyImport: false,
  allowEmptyBundleName: false,
  reExportCheckMode: 'noCheck',
  usePathPlaceholder: false,
  writeRollupCache: true,
  isExpandImportEnabled: false,
  expandImportExclude: '',
  lazyImportExclude: '',
  lazyImportInclude: '',
  ignoreCrossplatformCheck: false,
  skipOhModulesLint: false,
  enableStrictCheckOHModule: false,
  disableSendableCheckRules: [],
  useDeclarationFileSignature: false,
  customizedOptions: undefined,
  integratedHsp: false,
  isPreloadSoEnabled: false,
  strictMode: {
    caseSensitiveCheck: true,
    useNormalizedOHMUrl: true,
    noExternalImportByPath: true
  },
  useNormalizedOHMUrl: true,
  caseSensitiveCheck: true,
  aceModuleJsonPath: 'C:\\Users\\xiadie\\DevEcoStudioProjects\\video-show2\\entry\\build\\default\\intermediates\\res\\default\\ark_module.json',
  appResource: 'C:\\Users\\xiadie\\DevEcoStudioProjects\\video-show2\\entry\\build\\default\\intermediates\\res\\default\\ResourceTable.txt',
  rawFileResource: 'C:\\Users\\xiadie\\DevEcoStudioProjects\\video-show2\\entry\\build\\default\\intermediates\\res\\default\\resources\\rawfile',
  resourceTableHash: '9fd03eacfceeee922ee305ea1ba1076e7c1b4c88093c9eb765e45e7174d9e557',
  runtimeOS: 'HarmonyOS',
  sdkInfo: 'false:22:6.0.2.130:Release',
  aceModuleRoot: 'C:\\Users\\xiadie\\DevEcoStudioProjects\\video-show2\\entry\\src\\main\\ets',
  compileMode: 'esmodule',
  aceSuperVisualPath: 'C:\\Users\\xiadie\\DevEcoStudioProjects\\video-show2\\entry\\src\\main\\supervisual',
  aceBuildJson: 'C:\\Users\\xiadie\\DevEcoStudioProjects\\video-show2\\entry\\build\\default\\intermediates\\loader\\default\\loader.json',
  cachePath: 'C:\\Users\\xiadie\\DevEcoStudioProjects\\video-show2\\entry\\build\\default\\cache\\default\\default@CompileArkTS\\esmodule\\debug',
  aceModuleBuild: 'C:\\Users\\xiadie\\DevEcoStudioProjects\\video-show2\\entry\\build\\default\\intermediates\\loader_out\\default\\ets',
  supportChunks: true,
  declaredFilesPath: undefined,
  shouldCollectDirectImportees: false,
  isByteCodeHarOptimize: false,
  expandImportPath: undefined,
  pkgNameToPkgBriefInfo: {
    entry: {
      pkgRoot: 'C:\\Users\\xiadie\\DevEcoStudioProjects\\video-show2\\entry',
      originalSourceRoots: undefined,
      sourceRoots: [Array],
      pkgName: 'entry'
    }
  },
  projectModel: {
    'C:\\Users\\xiadie\\DevEcoStudioProjects\\video-show2\\entry\\src\\main': {
      moduleName: 'entry',
      modulePkgPath: 'C:\\Users\\xiadie\\DevEcoStudioProjects\\video-show2\\entry',
      belongProjectPath: 'C:\\Users\\xiadie\\DevEcoStudioProjects\\video-show2'
    },
    'C:\\Users\\xiadie\\DevEcoStudioProjects\\video-show2\\entry\\.test\\default\\intermediates\\src\\ohosTest\\ets': {
      moduleName: 'entry',
      modulePkgPath: 'C:\\Users\\xiadie\\DevEcoStudioProjects\\video-show2\\entry',
      belongProjectPath: 'C:\\Users\\xiadie\\DevEcoStudioProjects\\video-show2'
    },
    'C:\\Users\\xiadie\\DevEcoStudioProjects\\video-show2\\entry\\src\\ohosTest': {
      moduleName: 'entry',
      modulePkgPath: 'C:\\Users\\xiadie\\DevEcoStudioProjects\\video-show2\\entry',
      belongProjectPath: 'C:\\Users\\xiadie\\DevEcoStudioProjects\\video-show2'
    },
    'C:\\Users\\xiadie\\DevEcoStudioProjects\\video-show2\\entry': {
      moduleName: 'entry',
      modulePkgPath: 'C:\\Users\\xiadie\\DevEcoStudioProjects\\video-show2\\entry',
      belongProjectPath: 'C:\\Users\\xiadie\\DevEcoStudioProjects\\video-show2'
    },
    'C:\\Users\\xiadie\\DevEcoStudioProjects\\video-show2': {
      moduleName: 'video-show2',
      modulePkgPath: 'C:\\Users\\xiadie\\DevEcoStudioProjects\\video-show2',
      belongProjectPath: 'C:\\Users\\xiadie\\DevEcoStudioProjects\\video-show2'
    }
  },
  pkgJsonFileHash: '6a8bcb4d0fc449f3649fe715009b97b8f85121602e1d5f72220f50a6fb3bff4f',
  allModulePaths: [ 'C:\\Users\\xiadie\\DevEcoStudioProjects\\video-show2\\entry' ],
  routerMap: {},
  obfuscationOptions: undefined,
  byteCodeHarToDependencyKeys: undefined,
  compileBlockPkg: [],
  mockParams: {
    decorator: '@MockSetup',
    packageName: '@ohos/hamock',
    etsSourceRootPath: 'src/main/ets',
    mockConfigPath: undefined,
    mockConfigKey2ModuleInfo: {},
    source2ModuleIdMap: {}
  },
  copyCodeResourceEnable: false,
  copyCodeResourceExcludes: [],
  copyCodeResourceIncludes: undefined,
  uiTransformOptimization: false,
  sdkPath: 'C:/Program Files/Huawei/DevEco Studio/sdk',
  needPreloadSoFileSet: {},
  preloadSoFilePath: 'C:\\Users\\xiadie\\DevEcoStudioProjects\\video-show2\\entry\\build\\default\\intermediates\\preload\\default\\preload.json',
  useSourceHash: false,
  localModuleParamMap: {},
  otherPaths: {
    'entry/*': [
      '..\\*',
      '..\\..\\..\\build\\default\\generated\\profile\\default\\*'
    ]
  },
  collectImportersConfig: undefined
}
[2026-05-12T17:04:50.708] [DEBUG] debug-file - Compile arkts with external api path: C:\Program Files\Huawei\DevEco Studio\sdk\default\hms\ets
[2026-05-12T17:04:50.712] [DEBUG] debug-file - default@CompileArkTS work[0] is submitted.
[2026-05-12T17:04:50.713] [DEBUG] debug-file - default@CompileArkTS work[0] is pushed to ready queue.
[2026-05-12T17:04:50.713] [DEBUG] debug-file - A work dispatched to worker[23] failed because unable to get work from ready queue.
[2026-05-12T17:04:50.713] [DEBUG] debug-file - A work dispatched to worker[22] failed because unable to get work from ready queue.
[2026-05-12T17:04:50.713] [DEBUG] debug-file - A work dispatched to worker[21] failed because unable to get work from ready queue.
[2026-05-12T17:04:50.713] [DEBUG] debug-file - A work dispatched to worker[20] failed because unable to get work from ready queue.
[2026-05-12T17:04:50.713] [DEBUG] debug-file - A work dispatched to worker[19] failed because unable to get work from ready queue.
[2026-05-12T17:04:50.714] [DEBUG] debug-file - A work dispatched to worker[18] failed because unable to get work from ready queue.
[2026-05-12T17:04:50.714] [DEBUG] debug-file - A work dispatched to worker[17] failed because unable to get work from ready queue.
[2026-05-12T17:04:50.714] [DEBUG] debug-file - A work dispatched to worker[16] failed because unable to get work from ready queue.
[2026-05-12T17:04:50.714] [DEBUG] debug-file - A work dispatched to worker[15] failed because unable to get work from ready queue.
[2026-05-12T17:04:50.714] [DEBUG] debug-file - A work dispatched to worker[14] failed because unable to get work from ready queue.
[2026-05-12T17:04:50.714] [DEBUG] debug-file - A work dispatched to worker[13] failed because unable to get work from ready queue.
[2026-05-12T17:04:50.714] [DEBUG] debug-file - A work dispatched to worker[12] failed because unable to get work from ready queue.
[2026-05-12T17:04:50.714] [DEBUG] debug-file - A work dispatched to worker[11] failed because unable to get work from ready queue.
[2026-05-12T17:04:50.714] [DEBUG] debug-file - A work dispatched to worker[10] failed because unable to get work from ready queue.
[2026-05-12T17:04:50.715] [DEBUG] debug-file - A work dispatched to worker[9] failed because unable to get work from ready queue.
[2026-05-12T17:04:50.715] [DEBUG] debug-file - A work dispatched to worker[8] failed because unable to get work from ready queue.
[2026-05-12T17:04:50.715] [DEBUG] debug-file - A work dispatched to worker[7] failed because unable to get work from ready queue.
[2026-05-12T17:04:50.715] [DEBUG] debug-file - A work dispatched to worker[6] failed because unable to get work from ready queue.
[2026-05-12T17:04:50.715] [DEBUG] debug-file - A work dispatched to worker[5] failed because unable to get work from ready queue.
[2026-05-12T17:04:50.715] [DEBUG] debug-file - Create  resident worker with id: 4.
[2026-05-12T17:04:50.718] [DEBUG] debug-file - default@CompileArkTS work[0] has been dispatched to worker[4].
[2026-05-12T17:04:50.718] [DEBUG] debug-file - default@CompileArkTS work[0] is dispatched.
[2026-05-12T17:04:50.719] [DEBUG] debug-file - entry : default@CompileArkTS cost memory 1.4171142578125
[2026-05-12T17:04:50.722] [DEBUG] debug-file - Executing task :entry:default@BuildJS
[2026-05-12T17:04:50.723] [DEBUG] debug-file - Task 'entry:default@BuildJS' cost while wrapping incremental declarations: 1 ms 
[2026-05-12T17:04:50.727] [DEBUG] debug-file - entry : default@BuildJS cost memory 0.1718902587890625
[2026-05-12T17:04:50.727] [DEBUG] debug-file - runTaskFromQueue task cost before running: 54 s 613 ms 
[2026-05-12T17:04:50.727] [INFO] debug-file - Finished :entry:default@BuildJS... after 5 ms 
[2026-05-12T17:04:50.729] [DEBUG] debug-file - Executing task :entry:default@CacheNativeLibs
[2026-05-12T17:04:50.730] [DEBUG] debug-file - Task 'entry:default@CacheNativeLibs' cost while wrapping incremental declarations: 2 ms 
[2026-05-12T17:04:50.731] [DEBUG] debug-file - default@CacheNativeLibs work[1] is submitted.
[2026-05-12T17:04:50.732] [DEBUG] debug-file - default@CacheNativeLibs work[1] is pushed to ready queue.
[2026-05-12T17:04:50.732] [DEBUG] debug-file - A work dispatched to worker[23] failed because unable to get work from ready queue.
[2026-05-12T17:04:50.732] [DEBUG] debug-file - Create  resident worker with id: 22.
[2026-05-12T17:04:50.734] [DEBUG] debug-file - default@CacheNativeLibs work[1] has been dispatched to worker[22].
[2026-05-12T17:04:50.734] [DEBUG] debug-file - default@CacheNativeLibs work[1] is dispatched.
[2026-05-12T17:04:50.734] [DEBUG] debug-file - entry : default@CacheNativeLibs cost memory 0.16516876220703125
[2026-05-12T17:04:52.826] [DEBUG] debug-file - worker[22] has one work done.
[2026-05-12T17:04:52.826] [DEBUG] debug-file - default@CacheNativeLibs work[1] done.
[2026-05-12T17:04:52.827] [DEBUG] debug-file - A work dispatched to worker[22] failed because unable to get work from ready queue.
[2026-05-12T17:04:52.828] [INFO] debug-file - Finished :entry:default@CacheNativeLibs... after 19 ms 
[2026-05-12T17:05:30.990] [WARN] debug-file - [33mWARN: [33m[33mArkTS:WARN File: C:/Users/xiadie/DevEcoStudioProjects/video-show2/entry/src/main/ets/utils/BackgroundTaskManager.ets:43:9
 The system capacity of this api 'backgroundTaskManager' is not supported on all devices
[39m[39m
[33mWARN: [33m[33mArkTS:WARN File: C:/Users/xiadie/DevEcoStudioProjects/video-show2/entry/src/main/ets/utils/BackgroundTaskManager.ets:43:63
 The system capacity of this api 'backgroundTaskManager' is not supported on all devices
[39m[39m

[2026-05-12T17:05:30.991] [DEBUG] debug-file - Ark compile task finished.finished time is 1266982432392500
[2026-05-12T17:05:30.993] [DEBUG] debug-file - worker[4] has one work done.
[2026-05-12T17:05:30.997] [DEBUG] debug-file - default@CompileArkTS work[0] done.
[2026-05-12T17:05:30.997] [DEBUG] debug-file - A work dispatched to worker[4] failed because unable to get work from ready queue.
[2026-05-12T17:05:31.001] [INFO] debug-file - Finished :entry:default@CompileArkTS... after 35 s 537 ms 
[2026-05-12T17:05:31.003] [DEBUG] debug-file - Executing task :entry:default@GeneratePkgModuleJson
[2026-05-12T17:05:31.003] [DEBUG] debug-file - File: 'C:\Users\xiadie\DevEcoStudioProjects\video-show2\entry\build\default\intermediates\preload\default\preload.json' from 'preloadSoJsonPath' is not exists, just ignore.
[2026-05-12T17:05:31.005] [DEBUG] debug-file - Error occurs while handling @Input 'shouldDeduplicateHar': The "data" argument must be of type string or an instance of Buffer, TypedArray, or DataView. Received undefined
[2026-05-12T17:05:31.005] [DEBUG] debug-file - Task 'entry:default@GeneratePkgModuleJson' cost while wrapping incremental declarations: 3 ms 
[2026-05-12T17:05:31.011] [DEBUG] debug-file - entry : default@GeneratePkgModuleJson cost memory 0.17999267578125
[2026-05-12T17:05:31.011] [DEBUG] debug-file - runTaskFromQueue task cost before running: 1 min 34 s 897 ms 
[2026-05-12T17:05:31.011] [INFO] debug-file - Finished :entry:default@GeneratePkgModuleJson... after 9 ms 
[2026-05-12T17:05:31.012] [DEBUG] debug-file - Executing task :entry:default@ProcessCompiledResources
[2026-05-12T17:05:31.013] [DEBUG] debug-file - File: 'C:\Users\xiadie\DevEcoStudioProjects\video-show2\entry\build\default\intermediates\preload\default\preload.json' from 'preloadSoJsonPath' is not exists, just ignore.
[2026-05-12T17:05:31.013] [DEBUG] debug-file - Task 'entry:default@ProcessCompiledResources' cost while wrapping incremental declarations: 1 ms 
[2026-05-12T17:05:31.014] [DEBUG] debug-file - entry : default@ProcessCompiledResources cost memory 0.060394287109375
[2026-05-12T17:05:31.014] [DEBUG] debug-file - runTaskFromQueue task cost before running: 1 min 34 s 900 ms 
[2026-05-12T17:05:31.014] [INFO] debug-file - Finished :entry:default@ProcessCompiledResources... after 2 ms 
[2026-05-12T17:05:31.020] [DEBUG] debug-file - Executing task :entry:default@PackageHap
[2026-05-12T17:05:31.027] [DEBUG] debug-file - Use tool [C:\Program Files\Huawei\DevEco Studio\sdk\default\openharmony\toolchains\lib\app_packing_tool.jar]
 [
  'java',
  '-Dfile.encoding=GBK',
  '-jar',
  'C:\\Program Files\\Huawei\\DevEco Studio\\sdk\\default\\openharmony\\toolchains\\lib\\app_packing_tool.jar',
  '--mode',
  'hap',
  '--force',
  'true',
  '--lib-path',
  'C:\\Users\\xiadie\\DevEcoStudioProjects\\video-show2\\entry\\build\\default\\intermediates\\stripped_native_libs\\default',
  '--json-path',
  'C:\\Users\\xiadie\\DevEcoStudioProjects\\video-show2\\entry\\build\\default\\intermediates\\package\\default\\module.json',
  '--resources-path',
  'C:\\Users\\xiadie\\DevEcoStudioProjects\\video-show2\\entry\\build\\default\\intermediates\\res\\default\\resources',
  '--index-path',
  'C:\\Users\\xiadie\\DevEcoStudioProjects\\video-show2\\entry\\build\\default\\intermediates\\res\\default\\resources.index',
  '--pack-info-path',
  'C:\\Users\\xiadie\\DevEcoStudioProjects\\video-show2\\entry\\build\\default\\outputs\\default\\pack.info',
  '--out-path',
  'C:\\Users\\xiadie\\DevEcoStudioProjects\\video-show2\\entry\\build\\default\\outputs\\default\\entry-default-unsigned.hap',
  '--ets-path',
  'C:\\Users\\xiadie\\DevEcoStudioProjects\\video-show2\\entry\\build\\default\\intermediates\\loader_out\\default\\ets',
  '--pkg-context-path',
  'C:\\Users\\xiadie\\DevEcoStudioProjects\\video-show2\\entry\\build\\default\\intermediates\\loader\\default\\pkgContextInfo.json'
]
[2026-05-12T17:05:31.901] [DEBUG] debug-file - java daemon socket received message:{"code":0,"message":"pack success"}
[2026-05-12T17:05:31.910] [DEBUG] debug-file - entry : default@PackageHap cost memory 0.5394668579101562
[2026-05-12T17:05:31.911] [DEBUG] debug-file - runTaskFromQueue task cost before running: 1 min 35 s 797 ms 
[2026-05-12T17:05:31.913] [INFO] debug-file - Finished :entry:default@PackageHap... after 891 ms 
[2026-05-12T17:05:31.915] [DEBUG] debug-file - Executing task :entry:default@PackingCheck
[2026-05-12T17:05:31.942] [DEBUG] debug-file - entry : default@PackingCheck cost memory -0.08336639404296875
[2026-05-12T17:05:31.943] [DEBUG] debug-file - runTaskFromQueue task cost before running: 1 min 35 s 829 ms 
[2026-05-12T17:05:31.943] [INFO] debug-file - Finished :entry:default@PackingCheck... after 28 ms 
[2026-05-12T17:05:31.947] [DEBUG] debug-file - Executing task :entry:default@SignHap
[2026-05-12T17:05:31.947] [WARN] debug-file - Will skip sign 'hos_hap'. No signingConfigs profile is configured in current project.
             If needed, configure the signingConfigs in C:\Users\xiadie\DevEcoStudioProjects\video-show2\build-profile.json5.
[2026-05-12T17:05:31.950] [DEBUG] debug-file - entry : default@SignHap cost memory 0.0692596435546875
[2026-05-12T17:05:31.950] [DEBUG] debug-file - runTaskFromQueue task cost before running: 1 min 35 s 836 ms 
[2026-05-12T17:05:31.951] [INFO] debug-file - Finished :entry:default@SignHap... after 4 ms 
[2026-05-12T17:05:31.953] [DEBUG] debug-file - Executing task :entry:default@CollectDebugSymbol
[2026-05-12T17:05:31.955] [DEBUG] debug-file - entry : default@CollectDebugSymbol cost memory 0.10506439208984375
[2026-05-12T17:05:31.956] [DEBUG] debug-file - runTaskFromQueue task cost before running: 1 min 35 s 841 ms 
[2026-05-12T17:05:31.956] [INFO] debug-file - Finished :entry:default@CollectDebugSymbol... after 3 ms 
[2026-05-12T17:05:31.957] [DEBUG] debug-file - Executing task :entry:assembleHap
[2026-05-12T17:05:31.957] [DEBUG] debug-file - entry : assembleHap cost memory 0.01284027099609375
[2026-05-12T17:05:31.957] [DEBUG] debug-file - runTaskFromQueue task cost before running: 1 min 35 s 843 ms 
[2026-05-12T17:05:31.957] [INFO] debug-file - Finished :entry:assembleHap... after 1 ms 
[2026-05-12T17:05:32.000] [INFO] debug-file - BUILD SUCCESSFUL in 1 min 35 s 885 ms 
[2026-05-12T17:05:32.003] [DEBUG] debug-file - Update task entry:default@PreBuild input file:C:\Users\xiadie\DevEcoStudioProjects\video-show2\AppScope\app.json5 cache by regenerate.
[2026-05-12T17:05:32.005] [DEBUG] debug-file - Update task entry:default@PreBuild input file:C:\Users\xiadie\DevEcoStudioProjects\video-show2\entry\src\main\module.json5 cache by regenerate.
[2026-05-12T17:05:32.005] [DEBUG] debug-file - Update task entry:default@PreBuild input file:C:\Users\xiadie\DevEcoStudioProjects\video-show2\build-profile.json5 cache by regenerate.
[2026-05-12T17:05:32.006] [DEBUG] debug-file - Update task entry:default@PreBuild input file:C:\Users\xiadie\DevEcoStudioProjects\video-show2\entry\build-profile.json5 cache by regenerate.
[2026-05-12T17:05:32.006] [DEBUG] debug-file - Update task entry:default@PreBuild input file:C:\Users\xiadie\DevEcoStudioProjects\video-show2\entry\src\main\resources\base\profile\main_pages.json cache by regenerate.
[2026-05-12T17:05:32.006] [DEBUG] debug-file - Update task entry:default@PreBuild input file:C:\Users\xiadie\DevEcoStudioProjects\video-show2\hvigor\hvigor-config.json5 cache by regenerate.
[2026-05-12T17:05:32.007] [DEBUG] debug-file - Update task entry:default@PreBuild input file:C:\Users\xiadie\DevEcoStudioProjects\video-show2\entry\oh-package.json5 cache by regenerate.
[2026-05-12T17:05:32.007] [DEBUG] debug-file - Update task entry:default@PreBuild input file:C:\Users\xiadie\DevEcoStudioProjects\video-show2\oh-package.json5 cache by regenerate.
[2026-05-12T17:05:32.008] [DEBUG] debug-file - Incremental task entry:default@PreBuild post-execution cost:7 ms .
[2026-05-12T17:05:32.008] [DEBUG] debug-file - Update task entry:default@CreateModuleInfo output file:C:\Users\xiadie\DevEcoStudioProjects\video-show2\entry\build\default\generated\profile\default\ModuleInfo.ts cache.
[2026-05-12T17:05:32.009] [DEBUG] debug-file - Incremental task entry:default@CreateModuleInfo post-execution cost:1 ms .
[2026-05-12T17:05:32.009] [DEBUG] debug-file - Update task entry:default@GenerateMetadata input file:C:\Users\xiadie\DevEcoStudioProjects\video-show2\entry\src\main\module.json5 cache by regenerate.
[2026-05-12T17:05:32.010] [DEBUG] debug-file - Update task entry:default@GenerateMetadata output file:C:\Users\xiadie\DevEcoStudioProjects\video-show2\entry\build\default\intermediates\hap_metadata\default\output_metadata.json cache.
[2026-05-12T17:05:32.010] [DEBUG] debug-file - Incremental task entry:default@GenerateMetadata post-execution cost:2 ms .
[2026-05-12T17:05:32.011] [DEBUG] debug-file - Update task entry:default@MergeProfile input file:C:\Users\xiadie\DevEcoStudioProjects\video-show2\AppScope\app.json5 cache by regenerate.
[2026-05-12T17:05:32.011] [DEBUG] debug-file - Update task entry:default@MergeProfile input file:C:\Users\xiadie\DevEcoStudioProjects\video-show2\build-profile.json5 cache by regenerate.
[2026-05-12T17:05:32.012] [DEBUG] debug-file - Update task entry:default@MergeProfile input file:C:\Users\xiadie\DevEcoStudioProjects\video-show2\entry\src\main\module.json5 cache by regenerate.
[2026-05-12T17:05:32.013] [DEBUG] debug-file - Update task entry:default@MergeProfile output file:C:\Users\xiadie\DevEcoStudioProjects\video-show2\entry\build\default\intermediates\merge_profile\default\module.json cache.
[2026-05-12T17:05:32.013] [DEBUG] debug-file - Incremental task entry:default@MergeProfile post-execution cost:3 ms .
[2026-05-12T17:05:32.014] [DEBUG] debug-file - Update task entry:default@CreateBuildProfile input file:C:\Users\xiadie\DevEcoStudioProjects\video-show2\AppScope\app.json5 cache by regenerate.
[2026-05-12T17:05:32.014] [DEBUG] debug-file - Update task entry:default@CreateBuildProfile input file:C:\Users\xiadie\DevEcoStudioProjects\video-show2\build-profile.json5 cache by regenerate.
[2026-05-12T17:05:32.014] [DEBUG] debug-file - Update task entry:default@CreateBuildProfile output file:C:\Users\xiadie\DevEcoStudioProjects\video-show2\entry\build\default\generated\profile\default\BuildProfile.ets cache.
[2026-05-12T17:05:32.015] [DEBUG] debug-file - Incremental task entry:default@CreateBuildProfile post-execution cost:2 ms .
[2026-05-12T17:05:32.015] [DEBUG] debug-file - Update task entry:default@GeneratePkgContextInfo output file:C:\Users\xiadie\DevEcoStudioProjects\video-show2\entry\build\default\intermediates\loader\default\pkgContextInfo.json cache.
[2026-05-12T17:05:32.016] [DEBUG] debug-file - Incremental task entry:default@GeneratePkgContextInfo post-execution cost:1 ms .
[2026-05-12T17:05:32.016] [DEBUG] debug-file - Update task entry:default@ProcessIntegratedHsp output file:C:\Users\xiadie\DevEcoStudioProjects\video-show2\build\cache\default\integrated_hsp\integratedHspCache.json cache.
[2026-05-12T17:05:32.017] [DEBUG] debug-file - Incremental task entry:default@ProcessIntegratedHsp post-execution cost:1 ms .
[2026-05-12T17:05:32.018] [DEBUG] debug-file - Update task entry:default@MakePackInfo input file:C:\Users\xiadie\DevEcoStudioProjects\video-show2\AppScope\app.json5 cache by regenerate.
[2026-05-12T17:05:32.019] [DEBUG] debug-file - Update task entry:default@MakePackInfo input file:C:\Users\xiadie\DevEcoStudioProjects\video-show2\entry\src\main\module.json5 cache by regenerate.
[2026-05-12T17:05:32.019] [DEBUG] debug-file - Update task entry:default@MakePackInfo input file:C:\Users\xiadie\DevEcoStudioProjects\video-show2\build-profile.json5 cache by regenerate.
[2026-05-12T17:05:32.020] [DEBUG] debug-file - Update task entry:default@MakePackInfo input file:C:\Users\xiadie\DevEcoStudioProjects\video-show2\entry\src\main\resources\base\profile\backup_config.json cache by regenerate.
[2026-05-12T17:05:32.020] [DEBUG] debug-file - Update task entry:default@MakePackInfo output file:C:\Users\xiadie\DevEcoStudioProjects\video-show2\entry\build\default\outputs\default\pack.info cache.
[2026-05-12T17:05:32.021] [DEBUG] debug-file - Incremental task entry:default@MakePackInfo post-execution cost:4 ms .
[2026-05-12T17:05:32.021] [DEBUG] debug-file - Update task entry:default@SyscapTransform input file:C:\Program Files\Huawei\DevEco Studio\sdk\default\openharmony\toolchains\syscap_tool.exe cache by regenerate.
[2026-05-12T17:05:32.022] [DEBUG] debug-file - Update task entry:default@SyscapTransform input file:C:\Program Files\Huawei\DevEco Studio\sdk\default\openharmony\ets\api\device-define cache by regenerate.
[2026-05-12T17:05:32.024] [DEBUG] debug-file - Update task entry:default@SyscapTransform output file:C:\Users\xiadie\DevEcoStudioProjects\video-show2\entry\build\default\intermediates\syscap\default\rpcid.sc cache.
[2026-05-12T17:05:32.025] [DEBUG] debug-file - Incremental task entry:default@SyscapTransform post-execution cost:4 ms .
[2026-05-12T17:05:32.025] [DEBUG] debug-file - Update task entry:default@ProcessProfile input file:C:\Users\xiadie\DevEcoStudioProjects\video-show2\entry\build\default\intermediates\merge_profile\default\module.json cache by regenerate.
[2026-05-12T17:05:32.026] [DEBUG] debug-file - Update task entry:default@ProcessProfile output file:C:\Users\xiadie\DevEcoStudioProjects\video-show2\entry\build\default\intermediates\process_profile\default\module.json cache.
[2026-05-12T17:05:32.026] [DEBUG] debug-file - Incremental task entry:default@ProcessProfile post-execution cost:2 ms .
[2026-05-12T17:05:32.027] [DEBUG] debug-file - Update task entry:default@ProcessRouterMap input file:C:\Users\xiadie\DevEcoStudioProjects\video-show2\entry\oh-package.json5 cache by regenerate.
[2026-05-12T17:05:32.028] [DEBUG] debug-file - Update task entry:default@ProcessRouterMap input file:C:\Users\xiadie\DevEcoStudioProjects\video-show2\oh-package.json5 cache by regenerate.
[2026-05-12T17:05:32.028] [DEBUG] debug-file - Update task entry:default@ProcessRouterMap input file:C:\Users\xiadie\DevEcoStudioProjects\video-show2\entry\src\main\module.json5 cache by regenerate.
[2026-05-12T17:05:32.029] [DEBUG] debug-file - Update task entry:default@ProcessRouterMap input file:C:\Users\xiadie\DevEcoStudioProjects\video-show2\entry\build\default\intermediates\loader\default\pkgContextInfo.json cache by regenerate.
[2026-05-12T17:05:32.030] [DEBUG] debug-file - Update task entry:default@ProcessRouterMap output file:C:\Users\xiadie\DevEcoStudioProjects\video-show2\entry\build\default\intermediates\router_map\default\temp-router-map.json cache.
[2026-05-12T17:05:32.031] [DEBUG] debug-file - Update task entry:default@ProcessRouterMap output file:C:\Users\xiadie\DevEcoStudioProjects\video-show2\entry\build\default\intermediates\router_map\default\loader-router-map.json cache.
[2026-05-12T17:05:32.032] [DEBUG] debug-file - Incremental task entry:default@ProcessRouterMap post-execution cost:5 ms .
[2026-05-12T17:05:32.032] [DEBUG] debug-file - Update task entry:default@ProcessShareConfig input file:C:\Users\xiadie\DevEcoStudioProjects\video-show2\entry\oh-package.json5 cache by regenerate.
[2026-05-12T17:05:32.033] [DEBUG] debug-file - Update task entry:default@ProcessShareConfig input file:C:\Users\xiadie\DevEcoStudioProjects\video-show2\oh-package.json5 cache by regenerate.
[2026-05-12T17:05:32.033] [DEBUG] debug-file - Update task entry:default@ProcessShareConfig input file:C:\Users\xiadie\DevEcoStudioProjects\video-show2\entry\src\main\module.json5 cache by regenerate.
[2026-05-12T17:05:32.033] [DEBUG] debug-file - Update task entry:default@ProcessShareConfig input file:C:\Users\xiadie\DevEcoStudioProjects\video-show2\entry\build\default\intermediates\loader\default\pkgContextInfo.json cache by regenerate.
[2026-05-12T17:05:32.034] [DEBUG] debug-file - Update task entry:default@ProcessShareConfig output file:C:\Users\xiadie\DevEcoStudioProjects\video-show2\entry\build\default\intermediates\share_config\default\temp-share-config.json cache.
[2026-05-12T17:05:32.034] [DEBUG] debug-file - Incremental task entry:default@ProcessShareConfig post-execution cost:3 ms .
[2026-05-12T17:05:32.035] [DEBUG] debug-file - Update task entry:default@ProcessStartupConfig input file:C:\Users\xiadie\DevEcoStudioProjects\video-show2\entry\build\default\intermediates\loader\default\pkgContextInfo.json cache by regenerate.
[2026-05-12T17:05:32.035] [DEBUG] debug-file - Update task entry:default@ProcessStartupConfig output file:C:\Users\xiadie\DevEcoStudioProjects\video-show2\entry\build\default\intermediates\startup\default\startup_config.json cache.
[2026-05-12T17:05:32.036] [DEBUG] debug-file - Incremental task entry:default@ProcessStartupConfig post-execution cost:2 ms .
[2026-05-12T17:05:32.036] [DEBUG] debug-file - Update task entry:default@ProcessResource output file:C:\Users\xiadie\DevEcoStudioProjects\video-show2\entry\build\default\intermediates\res\default\resConfig.json cache.
[2026-05-12T17:05:32.037] [DEBUG] debug-file - Update task entry:default@ProcessResource output file:C:\Users\xiadie\DevEcoStudioProjects\video-show2\entry\build\default\intermediates\res\default\opt-compression.json cache.
[2026-05-12T17:05:32.037] [DEBUG] debug-file - Incremental task entry:default@ProcessResource post-execution cost:2 ms .
[2026-05-12T17:05:32.040] [DEBUG] debug-file - Update task entry:default@GenerateLoaderJson input file:C:\Users\xiadie\DevEcoStudioProjects\video-show2\entry\build\default\intermediates\loader\default\pkgContextInfo.json cache by regenerate.
[2026-05-12T17:05:32.040] [DEBUG] debug-file - Update task entry:default@GenerateLoaderJson input file:C:\Users\xiadie\DevEcoStudioProjects\video-show2\entry\build\default\intermediates\router_map\default\temp-router-map.json cache by regenerate.
[2026-05-12T17:05:32.041] [DEBUG] debug-file - Update task entry:default@GenerateLoaderJson output file:C:\Users\xiadie\DevEcoStudioProjects\video-show2\entry\build\default\intermediates\loader\default\loader.json cache.
[2026-05-12T17:05:32.041] [DEBUG] debug-file - Incremental task entry:default@GenerateLoaderJson post-execution cost:5 ms .
[2026-05-12T17:05:32.042] [DEBUG] debug-file - Update task entry:default@ProcessLibs input file:C:\Users\xiadie\DevEcoStudioProjects\video-show2\build-profile.json5 cache by regenerate.
[2026-05-12T17:05:32.043] [DEBUG] debug-file - Update task entry:default@ProcessLibs input file:C:\Users\xiadie\DevEcoStudioProjects\video-show2\entry\build-profile.json5 cache by regenerate.
[2026-05-12T17:05:32.043] [DEBUG] debug-file - Update task entry:default@ProcessLibs output file:C:\Users\xiadie\DevEcoStudioProjects\video-show2\entry\build\default\intermediates\libs\default cache.
[2026-05-12T17:05:32.044] [DEBUG] debug-file - Incremental task entry:default@ProcessLibs post-execution cost:3 ms .
[2026-05-12T17:05:32.046] [DEBUG] debug-file - Update task entry:default@CompileResource input file:C:\Users\xiadie\DevEcoStudioProjects\video-show2\entry\src\main\resources cache by regenerate.
[2026-05-12T17:05:32.054] [DEBUG] debug-file - Update task entry:default@CompileResource input file:C:\Users\xiadie\DevEcoStudioProjects\video-show2\AppScope\resources cache by regenerate.
[2026-05-12T17:05:32.056] [DEBUG] debug-file - Update task entry:default@CompileResource input file:C:\Users\xiadie\DevEcoStudioProjects\video-show2\entry\build\default\intermediates\process_profile\default\module.json cache by regenerate.
[2026-05-12T17:05:32.057] [DEBUG] debug-file - Update task entry:default@CompileResource input file:C:\Users\xiadie\DevEcoStudioProjects\video-show2\entry\build\default\intermediates\res\default\resConfig.json cache by regenerate.
[2026-05-12T17:05:32.058] [DEBUG] debug-file - Update task entry:default@CompileResource output file:C:\Users\xiadie\DevEcoStudioProjects\video-show2\entry\build\default\intermediates\res\default cache.
[2026-05-12T17:05:32.066] [DEBUG] debug-file - Update task entry:default@CompileResource output file:C:\Users\xiadie\DevEcoStudioProjects\video-show2\entry\build\default\generated\r\default\ResourceTable.h cache.
[2026-05-12T17:05:32.066] [DEBUG] debug-file - Update task entry:default@CompileResource output file:C:\Users\xiadie\DevEcoStudioProjects\video-show2\entry\build\default\generated\r\default cache.
[2026-05-12T17:05:32.067] [DEBUG] debug-file - Incremental task entry:default@CompileResource post-execution cost:24 ms .
[2026-05-12T17:05:32.068] [DEBUG] debug-file - Update task entry:default@DoNativeStrip input file:C:\Users\xiadie\DevEcoStudioProjects\video-show2\entry\build\default\intermediates\libs\default cache by regenerate.
[2026-05-12T17:05:32.068] [DEBUG] debug-file - Update task entry:default@DoNativeStrip output file:C:\Users\xiadie\DevEcoStudioProjects\video-show2\entry\build\default\intermediates\stripped_native_libs\default cache.
[2026-05-12T17:05:32.069] [DEBUG] debug-file - Incremental task entry:default@DoNativeStrip post-execution cost:2 ms .
[2026-05-12T17:05:32.071] [DEBUG] debug-file - Update task entry:default@CompileArkTS input file:C:\Users\xiadie\DevEcoStudioProjects\video-show2\entry\build\default\intermediates\loader\default cache by regenerate.
[2026-05-12T17:05:32.072] [DEBUG] debug-file - Update task entry:default@CompileArkTS input file:C:\Users\xiadie\DevEcoStudioProjects\video-show2\entry\build\default\intermediates\res\default\resources\rawfile cache by regenerate.
[2026-05-12T17:05:32.074] [DEBUG] debug-file - Update task entry:default@CompileArkTS input file:C:\Users\xiadie\DevEcoStudioProjects\video-show2\entry\build\default\intermediates\res\default\ResourceTable.txt cache by regenerate.
[2026-05-12T17:05:32.074] [DEBUG] debug-file - Update task entry:default@CompileArkTS input file:C:\Users\xiadie\DevEcoStudioProjects\video-show2\entry\build\default\intermediates\res\default\ark_module.json cache by regenerate.
[2026-05-12T17:05:32.074] [DEBUG] debug-file - Update task entry:default@CompileArkTS input file:C:\Users\xiadie\DevEcoStudioProjects\video-show2\entry\build\default\intermediates\res\default\resources\base\profile cache by regenerate.
[2026-05-12T17:05:32.075] [DEBUG] debug-file - Update task entry:default@CompileArkTS input file:C:\Users\xiadie\DevEcoStudioProjects\video-show2\entry\src\main\ets cache by regenerate.
[2026-05-12T17:05:32.081] [DEBUG] debug-file - Update task entry:default@CompileArkTS input file:C:\Users\xiadie\DevEcoStudioProjects\video-show2\entry\build\default\intermediates\loader\default\pkgContextInfo.json cache by regenerate.
[2026-05-12T17:05:32.081] [DEBUG] debug-file - Update task entry:default@CompileArkTS input file:C:\Users\xiadie\DevEcoStudioProjects\video-show2\entry\build\default\generated\profile\default\BuildProfile.ets cache by regenerate.
[2026-05-12T17:05:32.082] [DEBUG] debug-file - Update task entry:default@CompileArkTS output file:C:\Users\xiadie\DevEcoStudioProjects\video-show2\entry\build\default\intermediates\loader_out\default\ets cache.
[2026-05-12T17:05:32.083] [DEBUG] debug-file - Incremental task entry:default@CompileArkTS post-execution cost:14 ms .
[2026-05-12T17:05:32.085] [DEBUG] debug-file - Update task entry:default@BuildJS input file:C:\Users\xiadie\DevEcoStudioProjects\video-show2\entry\build\default\intermediates\loader\default cache by regenerate.
[2026-05-12T17:05:32.086] [DEBUG] debug-file - Update task entry:default@BuildJS input file:C:\Users\xiadie\DevEcoStudioProjects\video-show2\entry\build\default\intermediates\res\default\resources\rawfile cache by regenerate.
[2026-05-12T17:05:32.086] [DEBUG] debug-file - Update task entry:default@BuildJS input file:C:\Users\xiadie\DevEcoStudioProjects\video-show2\entry\build\default\intermediates\res\default\ResourceTable.txt cache by regenerate.
[2026-05-12T17:05:32.087] [DEBUG] debug-file - Update task entry:default@BuildJS input file:C:\Users\xiadie\DevEcoStudioProjects\video-show2\entry\build\default\intermediates\res\default\ark_module.json cache by regenerate.
[2026-05-12T17:05:32.087] [DEBUG] debug-file - Update task entry:default@BuildJS input file:C:\Users\xiadie\DevEcoStudioProjects\video-show2\entry\build\default\intermediates\res\default\resources\base\profile cache by regenerate.
[2026-05-12T17:05:32.088] [DEBUG] debug-file - Update task entry:default@BuildJS input file:C:\Users\xiadie\DevEcoStudioProjects\video-show2\entry\build\default\intermediates\loader\default\pkgContextInfo.json cache by regenerate.
[2026-05-12T17:05:32.088] [DEBUG] debug-file - Update task entry:default@BuildJS output file:C:\Users\xiadie\DevEcoStudioProjects\video-show2\entry\build\default\intermediates\loader_out\default\js cache.
[2026-05-12T17:05:32.088] [DEBUG] debug-file - Incremental task entry:default@BuildJS post-execution cost:6 ms .
[2026-05-12T17:05:32.089] [DEBUG] debug-file - Update task entry:default@CacheNativeLibs input file:C:\Users\xiadie\DevEcoStudioProjects\video-show2\entry\build\default\intermediates\stripped_native_libs\default cache by regenerate.
[2026-05-12T17:05:32.089] [DEBUG] debug-file - Update task entry:default@CacheNativeLibs input file:C:\Users\xiadie\DevEcoStudioProjects\video-show2\entry\build\default\intermediates\libs\default cache by regenerate.
[2026-05-12T17:05:32.090] [DEBUG] debug-file - Update task entry:default@CacheNativeLibs output file:C:\Users\xiadie\DevEcoStudioProjects\video-show2\entry\build\default\intermediates\patch\default\base_native_libs.json cache.
[2026-05-12T17:05:32.090] [DEBUG] debug-file - Incremental task entry:default@CacheNativeLibs post-execution cost:2 ms .
[2026-05-12T17:05:32.090] [DEBUG] debug-file - Update task entry:default@GeneratePkgModuleJson input file:C:\Users\xiadie\DevEcoStudioProjects\video-show2\entry\build\default\intermediates\res\default\module.json cache by regenerate.
[2026-05-12T17:05:32.090] [DEBUG] debug-file - Update task entry:default@GeneratePkgModuleJson output file:C:\Users\xiadie\DevEcoStudioProjects\video-show2\entry\build\default\intermediates\package\default\module.json cache.
[2026-05-12T17:05:32.091] [DEBUG] debug-file - Incremental task entry:default@GeneratePkgModuleJson post-execution cost:1 ms .
[2026-05-12T17:05:32.091] [DEBUG] debug-file - Incremental task entry:default@ProcessCompiledResources post-execution cost:1 ms .
[2026-05-12T17:05:32.092] [DEBUG] debug-file - Update task entry:default@PackageHap input file:C:\Users\xiadie\DevEcoStudioProjects\video-show2\entry\build\default\intermediates\stripped_native_libs\default cache by regenerate.
[2026-05-12T17:05:32.092] [DEBUG] debug-file - Update task entry:default@PackageHap input file:C:\Users\xiadie\DevEcoStudioProjects\video-show2\entry\build\default\intermediates\res\default\module.json cache by regenerate.
[2026-05-12T17:05:32.093] [DEBUG] debug-file - Update task entry:default@PackageHap input file:C:\Users\xiadie\DevEcoStudioProjects\video-show2\entry\build\default\intermediates\res\default\resources cache by regenerate.
[2026-05-12T17:05:32.097] [DEBUG] debug-file - Update task entry:default@PackageHap input file:C:\Users\xiadie\DevEcoStudioProjects\video-show2\entry\build\default\intermediates\res\default\resources.index cache by regenerate.
[2026-05-12T17:05:32.098] [DEBUG] debug-file - Update task entry:default@PackageHap input file:C:\Users\xiadie\DevEcoStudioProjects\video-show2\entry\build\default\outputs\default\pack.info cache by regenerate.
[2026-05-12T17:05:32.099] [DEBUG] debug-file - Update task entry:default@PackageHap input file:C:\Users\xiadie\DevEcoStudioProjects\video-show2\entry\build\default\intermediates\loader_out\default\ets cache by regenerate.
[2026-05-12T17:05:32.101] [DEBUG] debug-file - Update task entry:default@PackageHap input file:C:\Users\xiadie\DevEcoStudioProjects\video-show2\entry\build\default\intermediates\loader\default\pkgContextInfo.json cache by regenerate.
[2026-05-12T17:05:32.101] [DEBUG] debug-file - Update task entry:default@PackageHap input file:C:\Users\xiadie\DevEcoStudioProjects\video-show2\entry\build\default\intermediates\loader_out\default\ets\sourceMaps.map cache by regenerate.
[2026-05-12T17:05:32.101] [DEBUG] debug-file - Update task entry:default@PackageHap input file:C:\Users\xiadie\DevEcoStudioProjects\video-show2\entry\build\default\generated\profile\default\BuildProfile.ets cache by regenerate.
[2026-05-12T17:05:32.101] [DEBUG] debug-file - Update task entry:default@PackageHap output file:C:\Users\xiadie\DevEcoStudioProjects\video-show2\entry\build\default\outputs\default\entry-default-unsigned.hap cache.
[2026-05-12T17:05:32.102] [DEBUG] debug-file - Update task entry:default@PackageHap output file:C:\Users\xiadie\DevEcoStudioProjects\video-show2\entry\build\default\intermediates\source_map\default\sourceMaps.map cache.
[2026-05-12T17:05:32.102] [DEBUG] debug-file - Update task entry:default@PackageHap output file:C:\Users\xiadie\DevEcoStudioProjects\video-show2\entry\build\default\outputs\default\mapping\sourceMaps.map cache.
[2026-05-12T17:05:32.103] [DEBUG] debug-file - Incremental task entry:default@PackageHap post-execution cost:12 ms .
[2026-05-12T17:05:32.103] [DEBUG] debug-file - Update task entry:default@SignHap input file:C:\Users\xiadie\DevEcoStudioProjects\video-show2\entry\build\default\outputs\default\entry-default-unsigned.hap cache by regenerate.
[2026-05-12T17:05:32.103] [DEBUG] debug-file - Update task entry:default@SignHap output file:C:\Users\xiadie\DevEcoStudioProjects\video-show2\entry\build\default\outputs\default\entry-default-signed.hap cache.
[2026-05-12T17:05:32.103] [DEBUG] debug-file - Incremental task entry:default@SignHap post-execution cost:1 ms .
[2026-05-12T17:05:32.104] [DEBUG] debug-file - Update task entry:default@CollectDebugSymbol input file:C:\Users\xiadie\DevEcoStudioProjects\video-show2\entry\build\default\intermediates\loader_out\default\ets\sourceMaps.map cache by regenerate.
[2026-05-12T17:05:32.105] [DEBUG] debug-file - Update task entry:default@CollectDebugSymbol input file:C:\Users\xiadie\DevEcoStudioProjects\video-show2\entry\build\default\intermediates\libs\default cache by regenerate.
[2026-05-12T17:05:32.105] [DEBUG] debug-file - Update task entry:default@CollectDebugSymbol output file:C:\Users\xiadie\DevEcoStudioProjects\video-show2\entry\build\default\outputs\default\symbol cache.
[2026-05-12T17:05:32.106] [DEBUG] debug-file - Incremental task entry:default@CollectDebugSymbol post-execution cost:2 ms .
[2026-05-12T17:05:32.181] [DEBUG] debug-file - Cleanup worker 0.
[2026-05-12T17:05:32.182] [DEBUG] debug-file - Worker 0 has been cleaned up.
[2026-05-12T17:05:32.182] [DEBUG] debug-file - Current idle worker size: 3.
[2026-05-12T17:05:32.182] [DEBUG] debug-file - Current resident worker size: 4.
[2026-05-12T17:05:32.183] [DEBUG] debug-file - Cleanup worker 1.
[2026-05-12T17:05:32.183] [DEBUG] debug-file - Worker 1 has been cleaned up.
[2026-05-12T17:05:32.183] [DEBUG] debug-file - Current idle worker size: 2.
[2026-05-12T17:05:32.183] [DEBUG] debug-file - Current resident worker size: 4.
[2026-05-12T17:05:32.183] [DEBUG] debug-file - Cleanup worker 22.
[2026-05-12T17:05:32.183] [DEBUG] debug-file - Worker 22 has been cleaned up.
[2026-05-12T17:05:32.183] [DEBUG] debug-file - Current idle worker size: 1.
[2026-05-12T17:05:32.184] [DEBUG] debug-file - Current resident worker size: 4.
[2026-05-12T17:05:32.186] [DEBUG] debug-file - hvigor build process will be closed.
[2026-05-12T17:05:32.189] [DEBUG] debug-file - session manager: send message to worker process.
[2026-05-12T17:05:32.190] [DEBUG] debug-file - session manager: send message to worker process.
[2026-05-12T17:05:32.187] [DEBUG] debug-file - java daemon socket close code:1000 reason:close by user
[2026-05-12T17:05:32.195] [DEBUG] debug-file - worker[0] exits with exit code 1.
[2026-05-12T17:05:32.197] [DEBUG] debug-file - worker[1] exits with exit code 1.
[2026-05-12T17:05:32.199] [DEBUG] debug-file - watch worker: worker id should be larger than 0. Nothing will be sent to any worker thread.
[2026-05-12T17:05:32.202] [DEBUG] debug-file - watch worker: worker id should be larger than 0. Nothing will be sent to any worker thread.
[2026-05-12T17:05:32.213] [DEBUG] debug-file - worker[22] exits with exit code 1.
